// Vitest Snapshot v1, https://vitest.dev/guide/snapshot.html

exports[`Hello World worker > responds with Hello World! (integration style) 1`] = `
"<!DOCTYPE html>
    				<head>
				<meta name="viewport" content="width=device-width, initial-scale=1.0">
				</head>
				<body>
				<h2>Underline Center Calendar</h2>
				<a href="https://www.google.com/calendar/render?cid=64jp4d84mrqgphnpq7qkiq3c0jg9sapd%40import.calendar.google.com"><button>Subscribe via Google Calendar</button></a>
				<p>If the link doesn't work automatically, you manually import the below the URL into your calendar app.<pre>https://feed.underline.center/calendar.ics</pre></p>
				</body>"
`;

exports[`Hello World worker > responds with Hello World! (unit style) 1`] = `
"<!DOCTYPE html>
    				<head>
				<meta name="viewport" content="width=device-width, initial-scale=1.0">
				</head>
				<body>
				<h2>Underline Center Calendar</h2>
				<a href="https://www.google.com/calendar/render?cid=64jp4d84mrqgphnpq7qkiq3c0jg9sapd%40import.calendar.google.com"><button>Subscribe via Google Calendar</button></a>
				<p>If the link doesn't work automatically, you manually import the below the URL into your calendar app.<pre>https://feed.underline.center/calendar.ics</pre></p>
				</body>"
`;
